Totals: 3 passed, 0 failed, 0 skipped
Totals: 8 passed, 0 failed, 0 skipped
Totals: 3 passed, 0 failed, 0 skipped
Totals: 3 passed, 0 failed, 0 skipped
Totals: 3 passed, 0 failed, 0 skipped
Totals: 5 passed, 0 failed, 0 skipped
Totals: 7 passed, 0 failed, 0 skipped
Totals: 4 passed, 0 failed, 0 skipped
Totals: 3 passed, 0 failed, 0 skipped
Totals: 10 passed, 0 failed, 0 skipped
Totals: 3 passed, 0 failed, 0 skipped
Totals: 4 passed, 0 failed, 0 skipped
Totals: 10 passed, 0 failed, 0 skipped
Totals: 3 passed, 0 failed, 0 skipped
Totals: 3 passed, 0 failed, 0 skipped
Totals: 3 passed, 0 failed, 0 skipped
